Archive member included to satisfy reference by file (symbol)

/usr/lib/gcc/arm-none-eabi/6.3.1/thumb/v7e-m/libgcc.a(_aeabi_uldivmod.o)
                              CMakeFiles/test2.elf.dir/Drivers/STM32F4xx_HAL_Driver/Src/stm32f4xx_hal_rcc.c.obj (__aeabi_uldivmod)
/usr/lib/gcc/arm-none-eabi/6.3.1/thumb/v7e-m/libgcc.a(_udivmoddi4.o)
                              /usr/lib/gcc/arm-none-eabi/6.3.1/thumb/v7e-m/libgcc.a(_aeabi_uldivmod.o) (__udivmoddi4)
/usr/lib/gcc/arm-none-eabi/6.3.1/thumb/v7e-m/libgcc.a(unwind-arm.o)
                              CMakeFiles/test2.elf.dir/Core/Src/main.cpp.obj (__aeabi_unwind_cpp_pr0)
/usr/lib/gcc/arm-none-eabi/6.3.1/thumb/v7e-m/libgcc.a(libunwind.o)
                              /usr/lib/gcc/arm-none-eabi/6.3.1/thumb/v7e-m/libgcc.a(unwind-arm.o) (restore_core_regs)
/usr/lib/gcc/arm-none-eabi/6.3.1/thumb/v7e-m/libgcc.a(pr-support.o)
                              /usr/lib/gcc/arm-none-eabi/6.3.1/thumb/v7e-m/libgcc.a(unwind-arm.o) (__gnu_unwind_execute)
/usr/lib/gcc/arm-none-eabi/6.3.1/thumb/v7e-m/libgcc.a(_dvmd_tls.o)
                              /usr/lib/gcc/arm-none-eabi/6.3.1/thumb/v7e-m/libgcc.a(_aeabi_uldivmod.o) (__aeabi_ldiv0)
/usr/lib/gcc/arm-none-eabi/6.3.1/../../../arm-none-eabi/lib/thumb/v7e-m/libg.a(lib_a-abort.o)
                              /usr/lib/gcc/arm-none-eabi/6.3.1/thumb/v7e-m/libgcc.a(unwind-arm.o) (abort)
/usr/lib/gcc/arm-none-eabi/6.3.1/../../../arm-none-eabi/lib/thumb/v7e-m/libg.a(lib_a-atexit.o)
                              /usr/lib/gcc/arm-none-eabi/6.3.1/../../../arm-none-eabi/lib/thumb/v7e-m/crt0.o (atexit)
/usr/lib/gcc/arm-none-eabi/6.3.1/../../../arm-none-eabi/lib/thumb/v7e-m/libg.a(lib_a-errno.o)
                              CMakeFiles/test2.elf.dir/Core/Src/syscalls.c.obj (__errno)
/usr/lib/gcc/arm-none-eabi/6.3.1/../../../arm-none-eabi/lib/thumb/v7e-m/libg.a(lib_a-exit.o)
                              /usr/lib/gcc/arm-none-eabi/6.3.1/../../../arm-none-eabi/lib/thumb/v7e-m/crt0.o (exit)
/usr/lib/gcc/arm-none-eabi/6.3.1/../../../arm-none-eabi/lib/thumb/v7e-m/libg.a(lib_a-fini.o)
                              /usr/lib/gcc/arm-none-eabi/6.3.1/../../../arm-none-eabi/lib/thumb/v7e-m/crt0.o (__libc_fini_array)
/usr/lib/gcc/arm-none-eabi/6.3.1/../../../arm-none-eabi/lib/thumb/v7e-m/libg.a(lib_a-impure.o)
                              /usr/lib/gcc/arm-none-eabi/6.3.1/../../../arm-none-eabi/lib/thumb/v7e-m/libg.a(lib_a-exit.o) (_global_impure_ptr)
/usr/lib/gcc/arm-none-eabi/6.3.1/../../../arm-none-eabi/lib/thumb/v7e-m/libg.a(lib_a-init.o)
                              /usr/lib/gcc/arm-none-eabi/6.3.1/../../../arm-none-eabi/lib/thumb/v7e-m/crt0.o (__libc_init_array)
/usr/lib/gcc/arm-none-eabi/6.3.1/../../../arm-none-eabi/lib/thumb/v7e-m/libg.a(lib_a-memcpy.o)
                              /usr/lib/gcc/arm-none-eabi/6.3.1/thumb/v7e-m/libgcc.a(unwind-arm.o) (memcpy)
/usr/lib/gcc/arm-none-eabi/6.3.1/../../../arm-none-eabi/lib/thumb/v7e-m/libg.a(lib_a-memset.o)
                              /usr/lib/gcc/arm-none-eabi/6.3.1/../../../arm-none-eabi/lib/thumb/v7e-m/crt0.o (memset)
/usr/lib/gcc/arm-none-eabi/6.3.1/../../../arm-none-eabi/lib/thumb/v7e-m/libg.a(lib_a-signal.o)
                              /usr/lib/gcc/arm-none-eabi/6.3.1/../../../arm-none-eabi/lib/thumb/v7e-m/libg.a(lib_a-abort.o) (raise)
/usr/lib/gcc/arm-none-eabi/6.3.1/../../../arm-none-eabi/lib/thumb/v7e-m/libg.a(lib_a-signalr.o)
                              /usr/lib/gcc/arm-none-eabi/6.3.1/../../../arm-none-eabi/lib/thumb/v7e-m/libg.a(lib_a-signal.o) (_kill_r)
/usr/lib/gcc/arm-none-eabi/6.3.1/../../../arm-none-eabi/lib/thumb/v7e-m/libg.a(lib_a-__atexit.o)
                              /usr/lib/gcc/arm-none-eabi/6.3.1/../../../arm-none-eabi/lib/thumb/v7e-m/libg.a(lib_a-atexit.o) (__register_exitproc)
/usr/lib/gcc/arm-none-eabi/6.3.1/../../../arm-none-eabi/lib/thumb/v7e-m/libg.a(lib_a-__call_atexit.o)
                              /usr/lib/gcc/arm-none-eabi/6.3.1/../../../arm-none-eabi/lib/thumb/v7e-m/libg.a(lib_a-exit.o) (__call_exitprocs)
/usr/lib/gcc/arm-none-eabi/6.3.1/../../../arm-none-eabi/lib/thumb/v7e-m/libg.a(lib_a-mallocr.o)
                              /usr/lib/gcc/arm-none-eabi/6.3.1/../../../arm-none-eabi/lib/thumb/v7e-m/libg.a(lib_a-signal.o) (_malloc_r)
/usr/lib/gcc/arm-none-eabi/6.3.1/../../../arm-none-eabi/lib/thumb/v7e-m/libg.a(lib_a-mlock.o)
                              /usr/lib/gcc/arm-none-eabi/6.3.1/../../../arm-none-eabi/lib/thumb/v7e-m/libg.a(lib_a-mallocr.o) (__malloc_lock)
/usr/lib/gcc/arm-none-eabi/6.3.1/../../../arm-none-eabi/lib/thumb/v7e-m/libg.a(lib_a-reent.o)
                              /usr/lib/gcc/arm-none-eabi/6.3.1/../../../arm-none-eabi/lib/thumb/v7e-m/libg.a(lib_a-signalr.o) (errno)
/usr/lib/gcc/arm-none-eabi/6.3.1/../../../arm-none-eabi/lib/thumb/v7e-m/libg.a(lib_a-sbrkr.o)
                              /usr/lib/gcc/arm-none-eabi/6.3.1/../../../arm-none-eabi/lib/thumb/v7e-m/libg.a(lib_a-mallocr.o) (_sbrk_r)
[...]
Memory Configuration

Name             Origin             Length             Attributes
CCMRAM           0x0000000010000000 0x0000000000010000 xrw
RAM              0x0000000020000000 0x0000000000020000 xrw
FLASH            0x0000000008000000 0x0000000000100000 xr
*default*        0x0000000000000000 0xffffffffffffffff

Linker script and memory map

LOAD /usr/lib/gcc/arm-none-eabi/6.3.1/thumb/v7e-m/crti.o
LOAD /usr/lib/gcc/arm-none-eabi/6.3.1/thumb/v7e-m/crtbegin.o
LOAD /usr/lib/gcc/arm-none-eabi/6.3.1/../../../arm-none-eabi/lib/thumb/v7e-m/crt0.o
LOAD CMakeFiles/test2.elf.dir/Core/Src/gpio.c.obj
LOAD CMakeFiles/test2.elf.dir/Core/Src/main.c.obj
LOAD CMakeFiles/test2.elf.dir/Core/Src/main.cpp.obj
LOAD CMakeFiles/test2.elf.dir/Core/Src/stm32f4xx_hal_msp.c.obj
LOAD CMakeFiles/test2.elf.dir/Core/Src/stm32f4xx_it.c.obj
LOAD CMakeFiles/test2.elf.dir/Core/Src/syscalls.c.obj
LOAD CMakeFiles/test2.elf.dir/Core/Src/sysmem.c.obj
LOAD CMakeFiles/test2.elf.dir/Core/Src/system_stm32f4xx.c.obj
LOAD CMakeFiles/test2.elf.dir/Core/Startup/startup_stm32f407zgtx.s.obj
LOAD CMakeFiles/test2.elf.dir/Drivers/STM32F4xx_HAL_Driver/Src/stm32f4xx_hal.c.obj
LOAD CMakeFiles/test2.elf.dir/Drivers/STM32F4xx_HAL_Driver/Src/stm32f4xx_hal_cortex.c.obj
LOAD CMakeFiles/test2.elf.dir/Drivers/STM32F4xx_HAL_Driver/Src/stm32f4xx_hal_dma.c.obj
LOAD CMakeFiles/test2.elf.dir/Drivers/STM32F4xx_HAL_Driver/Src/stm32f4xx_hal_dma_ex.c.obj
LOAD CMakeFiles/test2.elf.dir/Drivers/STM32F4xx_HAL_Driver/Src/stm32f4xx_hal_exti.c.obj
LOAD CMakeFiles/test2.elf.dir/Drivers/STM32F4xx_HAL_Driver/Src/stm32f4xx_hal_flash.c.obj
LOAD CMakeFiles/test2.elf.dir/Drivers/STM32F4xx_HAL_Driver/Src/stm32f4xx_hal_flash_ex.c.obj
LOAD CMakeFiles/test2.elf.dir/Drivers/STM32F4xx_HAL_Driver/Src/stm32f4xx_hal_flash_ramfunc.c.obj
LOAD CMakeFiles/test2.elf.dir/Drivers/STM32F4xx_HAL_Driver/Src/stm32f4xx_hal_gpio.c.obj
LOAD CMakeFiles/test2.elf.dir/Drivers/STM32F4xx_HAL_Driver/Src/stm32f4xx_hal_pwr.c.obj
LOAD CMakeFiles/test2.elf.dir/Drivers/STM32F4xx_HAL_Driver/Src/stm32f4xx_hal_pwr_ex.c.obj
LOAD CMakeFiles/test2.elf.dir/Drivers/STM32F4xx_HAL_Driver/Src/stm32f4xx_hal_rcc.c.obj
LOAD CMakeFiles/test2.elf.dir/Drivers/STM32F4xx_HAL_Driver/Src/stm32f4xx_hal_rcc_ex.c.obj
LOAD CMakeFiles/test2.elf.dir/Drivers/STM32F4xx_HAL_Driver/Src/stm32f4xx_hal_tim.c.obj
LOAD CMakeFiles/test2.elf.dir/Drivers/STM32F4xx_HAL_Driver/Src/stm32f4xx_hal_tim_ex.c.obj
LOAD /usr/lib/gcc/arm-none-eabi/6.3.1/../../../arm-none-eabi/lib/thumb/v7e-m/libstdc++.a
LOAD /usr/lib/gcc/arm-none-eabi/6.3.1/../../../arm-none-eabi/lib/thumb/v7e-m/libm.a
START GROUP
LOAD /usr/lib/gcc/arm-none-eabi/6.3.1/thumb/v7e-m/libgcc.a
LOAD /usr/lib/gcc/arm-none-eabi/6.3.1/../../../arm-none-eabi/lib/thumb/v7e-m/libg.a
LOAD /usr/lib/gcc/arm-none-eabi/6.3.1/../../../arm-none-eabi/lib/thumb/v7e-m/libc.a
END GROUP
LOAD /usr/lib/gcc/arm-none-eabi/6.3.1/thumb/v7e-m/crtend.o
LOAD /usr/lib/gcc/arm-none-eabi/6.3.1/thumb/v7e-m/crtn.o
                0x0000000020020000                _estack = (ORIGIN (RAM) + LENGTH (RAM))
                0x0000000000000200                _Min_Heap_Size = 0x200
                0x0000000000000400                _Min_Stack_Size = 0x400

.isr_vector     0x0000000008000000      0x188
                0x0000000008000000                . = ALIGN (0x4)
 *(.isr_vector)
 .isr_vector    0x0000000008000000      0x188 CMakeFiles/test2.elf.dir/Core/Startup/startup_stm32f407zgtx.s.obj
                0x0000000008000000                g_pfnVectors
                0x0000000008000188                . = ALIGN (0x4)

.text           0x0000000008000188     0x2b04
                0x0000000008000188                . = ALIGN (0x4)
 *(.text)
 .text          0x0000000008000188       0xa4 /usr/lib/gcc/arm-none-eabi/6.3.1/thumb/v7e-m/crtbegin.o
 .text          0x000000000800022c       0x30 /usr/lib/gcc/arm-none-eabi/6.3.1/thumb/v7e-m/libgcc.a(_aeabi_uldivmod.o)
                0x000000000800022c                __aeabi_uldivmod
 .text          0x000000000800025c      0x2dc /usr/lib/gcc/arm-none-eabi/6.3.1/thumb/v7e-m/libgcc.a(_udivmoddi4.o)
                0x000000000800025c                __udivmoddi4
 .text          0x0000000008000538      0x9cc /usr/lib/gcc/arm-none-eabi/6.3.1/thumb/v7e-m/libgcc.a(unwind-arm.o)
                0x00000000080007f8                _Unwind_GetCFA
                0x00000000080007fc                __gnu_Unwind_RaiseException
                0x000000000800085c                __gnu_Unwind_ForcedUnwind
                0x0000000008000870                __gnu_Unwind_Resume
                0x00000000080008b4                __gnu_Unwind_Resume_or_Rethrow
                0x00000000080008c4                _Unwind_Complete
                0x00000000080008c8                _Unwind_DeleteException
                0x00000000080008d4                _Unwind_VRS_Get
                0x0000000008000920                _Unwind_VRS_Set
                0x0000000008000970                __gnu_Unwind_Backtrace
                0x0000000008000cb0                __aeabi_unwind_cpp_pr0
                0x0000000008000cb4                __aeabi_unwind_cpp_pr1
                0x0000000008000cb8                __aeabi_unwind_cpp_pr2
                0x0000000008000cbc                _Unwind_VRS_Pop
 .text          0x0000000008000f04      0x1ac /usr/lib/gcc/arm-none-eabi/6.3.1/thumb/v7e-m/libgcc.a(libunwind.o)
                0x0000000008000f04                __restore_core_regs
                0x0000000008000f04                restore_core_regs
                0x0000000008000f1c                __gnu_Unwind_Restore_VFP
                0x0000000008000f24                __gnu_Unwind_Save_VFP
                0x0000000008000f2c                __gnu_Unwind_Restore_VFP_D
                0x0000000008000f34                __gnu_Unwind_Save_VFP_D
                0x0000000008000f3c                __gnu_Unwind_Restore_VFP_D_16_to_31
                0x0000000008000f44                __gnu_Unwind_Save_VFP_D_16_to_31
                0x0000000008000f4c                __gnu_Unwind_Restore_WMMXD
                0x0000000008000f90                __gnu_Unwind_Save_WMMXD
                0x0000000008000fd4                __gnu_Unwind_Restore_WMMXC
                0x0000000008000fe8                __gnu_Unwind_Save_WMMXC
                0x0000000008000ffc                ___Unwind_RaiseException
                0x0000000008000ffc                _Unwind_RaiseException
                0x0000000008001020                ___Unwind_Resume
                0x0000000008001020                _Unwind_Resume
                0x0000000008001044                _Unwind_Resume_or_Rethrow
                0x0000000008001044                ___Unwind_Resume_or_Rethrow
                0x0000000008001068                ___Unwind_ForcedUnwind
                0x0000000008001068                _Unwind_ForcedUnwind
                0x000000000800108c                _Unwind_Backtrace
                0x000000000800108c                ___Unwind_Backtrace
 .text          0x00000000080010b0      0x380 /usr/lib/gcc/arm-none-eabi/6.3.1/thumb/v7e-m/libgcc.a(pr-support.o)
                0x0000000008001108                __gnu_unwind_execute
                0x00000000080013d8                __gnu_unwind_frame
                0x0000000008001400                _Unwind_GetRegionStart
                0x000000000800140c                _Unwind_GetLanguageSpecificData
                0x0000000008001420                _Unwind_GetTextRelBase
                0x0000000008001428                _Unwind_GetDataRelBase
 .text          0x0000000008001430        0x4 /usr/lib/gcc/arm-none-eabi/6.3.1/thumb/v7e-m/libgcc.a(_dvmd_tls.o)
                0x0000000008001430                __aeabi_ldiv0
                0x0000000008001430                __aeabi_idiv0
 .text          0x0000000008001434       0x10 /usr/lib/gcc/arm-none-eabi/6.3.1/../../../arm-none-eabi/lib/thumb/v7e-m/libg.a(lib_a-abort.o)
                0x0000000008001434                abort
 .text          0x0000000008001444        0xc /usr/lib/gcc/arm-none-eabi/6.3.1/../../../arm-none-eabi/lib/thumb/v7e-m/libg.a(lib_a-atexit.o)
                0x0000000008001444                atexit
 .text          0x0000000008001450        0xc /usr/lib/gcc/arm-none-eabi/6.3.1/../../../arm-none-eabi/lib/thumb/v7e-m/libg.a(lib_a-errno.o)
                0x0000000008001450                __errno
 .text          0x000000000800145c       0x34 /usr/lib/gcc/arm-none-eabi/6.3.1/../../../arm-none-eabi/lib/thumb/v7e-m/libg.a(lib_a-fini.o)
                0x000000000800145c                __libc_fini_array
 .text          0x0000000008001490       0x50 /usr/lib/gcc/arm-none-eabi/6.3.1/../../../arm-none-eabi/lib/thumb/v7e-m/libg.a(lib_a-init.o)
                0x0000000008001490                __libc_init_array
 .text          0x00000000080014e0      0x134 /usr/lib/gcc/arm-none-eabi/6.3.1/../../../arm-none-eabi/lib/thumb/v7e-m/libg.a(lib_a-memcpy.o)
                0x00000000080014e0                memcpy
 .text          0x0000000008001614       0x9c /usr/lib/gcc/arm-none-eabi/6.3.1/../../../arm-none-eabi/lib/thumb/v7e-m/libg.a(lib_a-memset.o)
                0x0000000008001614                memset
 .text          0x00000000080016b0      0x178 /usr/lib/gcc/arm-none-eabi/6.3.1/../../../arm-none-eabi/lib/thumb/v7e-m/libg.a(lib_a-signal.o)
                0x00000000080016d8                _init_signal_r
                0x00000000080016e4                _signal_r
                0x0000000008001728                _raise_r
                0x0000000008001788                __sigtramp_r
                0x00000000080017e4                raise
                0x00000000080017f4                signal
                0x0000000008001804                _init_signal
                0x0000000008001818                __sigtramp
 .text          0x0000000008001828       0x2c /usr/lib/gcc/arm-none-eabi/6.3.1/../../../arm-none-eabi/lib/thumb/v7e-m/libg.a(lib_a-signalr.o)
                0x0000000008001828                _kill_r
                0x0000000008001850                _getpid_r
 .text          0x0000000008001854       0xa4 /usr/lib/gcc/arm-none-eabi/6.3.1/../../../arm-none-eabi/lib/thumb/v7e-m/libg.a(lib_a-__atexit.o)
                0x0000000008001854                __register_exitproc
 .text          0x00000000080018f8      0x554 /usr/lib/gcc/arm-none-eabi/6.3.1/../../../arm-none-eabi/lib/thumb/v7e-m/libg.a(lib_a-mallocr.o)
                0x00000000080018f8                _malloc_r
 .text          0x0000000008001e4c        0x8 /usr/lib/gcc/arm-none-eabi/6.3.1/../../../arm-none-eabi/lib/thumb/v7e-m/libg.a(lib_a-mlock.o)
                0x0000000008001e4c                __malloc_lock
                0x0000000008001e50                __malloc_unlock
 .text          0x0000000008001e54       0x24 /usr/lib/gcc/arm-none-eabi/6.3.1/../../../arm-none-eabi/lib/thumb/v7e-m/libg.a(lib_a-sbrkr.o)
                0x0000000008001e54                _sbrk_r
 .text          0x0000000008001e78      0x26c /usr/lib/gcc/arm-none-eabi/6.3.1/../../../arm-none-eabi/lib/thumb/v7e-m/libg.a(lib_a-freer.o)
                0x0000000008001e78                _malloc_trim_r
                0x0000000008001f18                _free_r
 *(.text*)
 .text.MX_GPIO_Init
                0x00000000080020e4       0x80 CMakeFiles/test2.elf.dir/Core/Src/gpio.c.obj
                0x00000000080020e4                MX_GPIO_Init
 .text.Error_Handler
                0x0000000008002164        0x4 CMakeFiles/test2.elf.dir/Core/Src/main.cpp.obj
                0x0000000008002164                Error_Handler
 .text._Z18SystemClock_Configv
                0x0000000008002168       0xa4 CMakeFiles/test2.elf.dir/Core/Src/main.cpp.obj
                0x0000000008002168                SystemClock_Config()
 .text.main     0x000000000800220c       0x6c CMakeFiles/test2.elf.dir/Core/Src/main.cpp.obj
                0x000000000800220c                main
 .text.NMI_Handler
                0x0000000008002278        0x2 CMakeFiles/test2.elf.dir/Core/Src/stm32f4xx_it.c.obj
                0x0000000008002278                NMI_Handler
 .text.HardFault_Handler
                0x000000000800227a        0x2 CMakeFiles/test2.elf.dir/Core/Src/stm32f4xx_it.c.obj
                0x000000000800227a                HardFault_Handler
 .text.MemManage_Handler
                0x000000000800227c        0x2 CMakeFiles/test2.elf.dir/Core/Src/stm32f4xx_it.c.obj
                0x000000000800227c                MemManage_Handler
 .text.BusFault_Handler
                0x000000000800227e        0x2 CMakeFiles/test2.elf.dir/Core/Src/stm32f4xx_it.c.obj
                0x000000000800227e                BusFault_Handler
 .text.UsageFault_Handler
                0x0000000008002280        0x2 CMakeFiles/test2.elf.dir/Core/Src/stm32f4xx_it.c.obj
                0x0000000008002280                UsageFault_Handler
 .text.SVC_Handler
                0x0000000008002282        0x2 CMakeFiles/test2.elf.dir/Core/Src/stm32f4xx_it.c.obj
                0x0000000008002282                SVC_Handler
 .text.DebugMon_Handler
                0x0000000008002284        0x2 CMakeFiles/test2.elf.dir/Core/Src/stm32f4xx_it.c.obj
                0x0000000008002284                DebugMon_Handler
 .text.PendSV_Handler
                0x0000000008002286        0x2 CMakeFiles/test2.elf.dir/Core/Src/stm32f4xx_it.c.obj
                0x0000000008002286                PendSV_Handler
 .text.SysTick_Handler
                0x0000000008002288        0x8 CMakeFiles/test2.elf.dir/Core/Src/stm32f4xx_it.c.obj
                0x0000000008002288                SysTick_Handler
 .text._getpid  0x0000000008002290        0x4 CMakeFiles/test2.elf.dir/Core/Src/syscalls.c.obj
                0x0000000008002290                _getpid
 .text._kill    0x0000000008002294       0x10 CMakeFiles/test2.elf.dir/Core/Src/syscalls.c.obj
                0x0000000008002294                _kill
 .text._exit    0x00000000080022a4        0xc CMakeFiles/test2.elf.dir/Core/Src/syscalls.c.obj
                0x00000000080022a4                _exit
 .text._sbrk    0x00000000080022b0       0x48 CMakeFiles/test2.elf.dir/Core/Src/sysmem.c.obj
                0x00000000080022b0                _sbrk
 .text.SystemInit
                0x00000000080022f8        0x2 CMakeFiles/test2.elf.dir/Core/Src/system_stm32f4xx.c.obj
                0x00000000080022f8                SystemInit
 *fill*         0x00000000080022fa        0x2 
 .text.Reset_Handler
                0x00000000080022fc       0x50 CMakeFiles/test2.elf.dir/Core/Startup/startup_stm32f407zgtx.s.obj
                0x00000000080022fc                Reset_Handler
 .text.Default_Handler
                0x000000000800234c        0x2 CMakeFiles/test2.elf.dir/Core/Startup/startup_stm32f407zgtx.s.obj
                0x000000000800234c                RTC_Alarm_IRQHandler
                0x000000000800234c                HASH_RNG_IRQHandler
                0x000000000800234c                EXTI2_IRQHandler
                0x000000000800234c                TIM8_CC_IRQHandler
                0x000000000800234c                TIM1_CC_IRQHandler
                0x000000000800234c                DMA2_Stream5_IRQHandler
                0x000000000800234c                DMA1_Stream5_IRQHandler
                0x000000000800234c                PVD_IRQHandler
                0x000000000800234c                SDIO_IRQHandler
                0x000000000800234c                TAMP_STAMP_IRQHandler
                0x000000000800234c                CAN2_RX1_IRQHandler
                0x000000000800234c                EXTI3_IRQHandler
                0x000000000800234c                TIM8_TRG_COM_TIM14_IRQHandler
                0x000000000800234c                TIM1_UP_TIM10_IRQHandler
                0x000000000800234c                TIM8_UP_TIM13_IRQHandler
                0x000000000800234c                I2C3_ER_IRQHandler
                0x000000000800234c                EXTI0_IRQHandler
                0x000000000800234c                I2C2_EV_IRQHandler
                0x000000000800234c                DMA1_Stream2_IRQHandler
                0x000000000800234c                CAN1_RX0_IRQHandler
                0x000000000800234c                FPU_IRQHandler
                0x000000000800234c                OTG_HS_WKUP_IRQHandler
                0x000000000800234c                CAN2_SCE_IRQHandler
                0x000000000800234c                DMA2_Stream2_IRQHandler
                0x000000000800234c                SPI1_IRQHandler
                0x000000000800234c                TIM6_DAC_IRQHandler
                0x000000000800234c                TIM1_BRK_TIM9_IRQHandler
                0x000000000800234c                DCMI_IRQHandler
                0x000000000800234c                CAN2_RX0_IRQHandler
                0x000000000800234c                DMA2_Stream3_IRQHandler
                0x000000000800234c                USART6_IRQHandler
                0x000000000800234c                USART3_IRQHandler
                0x000000000800234c                CAN1_RX1_IRQHandler
                0x000000000800234c                UART5_IRQHandler
                0x000000000800234c                DMA2_Stream0_IRQHandler
                0x000000000800234c                TIM4_IRQHandler
                0x000000000800234c                I2C1_EV_IRQHandler
                0x000000000800234c                DMA1_Stream6_IRQHandler
                0x000000000800234c                DMA1_Stream1_IRQHandler
                0x000000000800234c                UART4_IRQHandler
                0x000000000800234c                TIM3_IRQHandler
                0x000000000800234c                RCC_IRQHandler
                0x000000000800234c                TIM8_BRK_TIM12_IRQHandler
                0x000000000800234c                Default_Handler
                0x000000000800234c                EXTI15_10_IRQHandler
                0x000000000800234c                ADC_IRQHandler
                0x000000000800234c                DMA1_Stream7_IRQHandler
                0x000000000800234c                TIM7_IRQHandler
                0x000000000800234c                CAN2_TX_IRQHandler
                0x000000000800234c                TIM5_IRQHandler
                0x000000000800234c                DMA2_Stream7_IRQHandler
                0x000000000800234c                I2C3_EV_IRQHandler
                0x000000000800234c                EXTI9_5_IRQHandler
                0x000000000800234c                RTC_WKUP_IRQHandler
                0x000000000800234c                ETH_WKUP_IRQHandler
                0x000000000800234c                SPI2_IRQHandler
                0x000000000800234c                OTG_HS_EP1_IN_IRQHandler
                0x000000000800234c                DMA1_Stream0_IRQHandler
                0x000000000800234c                CAN1_TX_IRQHandler
                0x000000000800234c                EXTI4_IRQHandler
                0x000000000800234c                FSMC_IRQHandler
                0x000000000800234c                ETH_IRQHandler
                0x000000000800234c                OTG_HS_EP1_OUT_IRQHandler
                0x000000000800234c                WWDG_IRQHandler
                0x000000000800234c                TIM2_IRQHandler
                0x000000000800234c                OTG_FS_WKUP_IRQHandler
                0x000000000800234c                TIM1_TRG_COM_TIM11_IRQHandler
                0x000000000800234c                OTG_HS_IRQHandler
                0x000000000800234c                EXTI1_IRQHandler
                0x000000000800234c                USART2_IRQHandler
                0x000000000800234c                I2C2_ER_IRQHandler
                0x000000000800234c                DMA2_Stream1_IRQHandler
                0x000000000800234c                CAN1_SCE_IRQHandler
                0x000000000800234c                FLASH_IRQHandler
                0x000000000800234c                DMA2_Stream4_IRQHandler
                0x000000000800234c                USART1_IRQHandler
                0x000000000800234c                OTG_FS_IRQHandler
                0x000000000800234c                SPI3_IRQHandler
                0x000000000800234c                DMA1_Stream4_IRQHandler
                0x000000000800234c                I2C1_ER_IRQHandler
                0x000000000800234c                DMA2_Stream6_IRQHandler
                0x000000000800234c                DMA1_Stream3_IRQHandler
 *fill*         0x000000000800234e        0x2 
 .text.HAL_InitTick
                0x0000000008002350       0x4c CMakeFiles/test2.elf.dir/Drivers/STM32F4xx_HAL_Driver/Src/stm32f4xx_hal.c.obj
                0x0000000008002350                HAL_InitTick
 .text.HAL_IncTick
                0x000000000800239c       0x18 CMakeFiles/test2.elf.dir/Drivers/STM32F4xx_HAL_Driver/Src/stm32f4xx_hal.c.obj
                0x000000000800239c                HAL_IncTick
 .text.HAL_GetTick
                0x00000000080023b4        0xc CMakeFiles/test2.elf.dir/Drivers/STM32F4xx_HAL_Driver/Src/stm32f4xx_hal.c.obj
                0x00000000080023b4                HAL_GetTick
 .text.HAL_Delay
                0x00000000080023c0       0x28 CMakeFiles/test2.elf.dir/Drivers/STM32F4xx_HAL_Driver/Src/stm32f4xx_hal.c.obj
                0x00000000080023c0                HAL_Delay
 .text.HAL_NVIC_SetPriority
                0x00000000080023e8       0x64 CMakeFiles/test2.elf.dir/Drivers/STM32F4xx_HAL_Driver/Src/stm32f4xx_hal_cortex.c.obj
                0x00000000080023e8                HAL_NVIC_SetPriority
 .text.HAL_SYSTICK_Config
                0x000000000800244c       0x2c CMakeFiles/test2.elf.dir/Drivers/STM32F4xx_HAL_Driver/Src/stm32f4xx_hal_cortex.c.obj
                0x000000000800244c                HAL_SYSTICK_Config
 .text.HAL_GPIO_Init
                0x0000000008002478      0x1e0 CMakeFiles/test2.elf.dir/Drivers/STM32F4xx_HAL_Driver/Src/stm32f4xx_hal_gpio.c.obj
                0x0000000008002478                HAL_GPIO_Init
 .text.HAL_GPIO_WritePin
                0x0000000008002658        0xc CMakeFiles/test2.elf.dir/Drivers/STM32F4xx_HAL_Driver/Src/stm32f4xx_hal_gpio.c.obj
                0x0000000008002658                HAL_GPIO_WritePin
 .text.HAL_RCC_OscConfig
                0x0000000008002664      0x3f8 CMakeFiles/test2.elf.dir/Drivers/STM32F4xx_HAL_Driver/Src/stm32f4xx_hal_rcc.c.obj
                0x0000000008002664                HAL_RCC_OscConfig
 .text.HAL_RCC_GetSysClockFreq
                0x0000000008002a5c       0xa4 CMakeFiles/test2.elf.dir/Drivers/STM32F4xx_HAL_Driver/Src/stm32f4xx_hal_rcc.c.obj
                0x0000000008002a5c                HAL_RCC_GetSysClockFreq
 .text.HAL_RCC_ClockConfig
                0x0000000008002b00      0x160 CMakeFiles/test2.elf.dir/Drivers/STM32F4xx_HAL_Driver/Src/stm32f4xx_hal_rcc.c.obj
                0x0000000008002b00                HAL_RCC_ClockConfig
 .text.startup  0x0000000008002c60       0x14 /usr/lib/gcc/arm-none-eabi/6.3.1/../../../arm-none-eabi/lib/thumb/v7e-m/libg.a(lib_a-__call_atexit.o)
 *(.glue_7)
 .glue_7        0x0000000008002c74        0x0 linker stubs
 *(.glue_7t)
 .glue_7t       0x0000000008002c74        0x0 linker stubs
 *(.eh_frame)
 .eh_frame      0x0000000008002c74        0x0 /usr/lib/gcc/arm-none-eabi/6.3.1/thumb/v7e-m/crtbegin.o
 *(.init)
 .init          0x0000000008002c74        0x4 /usr/lib/gcc/arm-none-eabi/6.3.1/thumb/v7e-m/crti.o
                0x0000000008002c74                _init
 .init          0x0000000008002c78        0x8 /usr/lib/gcc/arm-none-eabi/6.3.1/thumb/v7e-m/crtn.o
 *(.fini)
 .fini          0x0000000008002c80        0x4 /usr/lib/gcc/arm-none-eabi/6.3.1/thumb/v7e-m/crti.o
                0x0000000008002c80                _fini
 .fini          0x0000000008002c84        0x8 /usr/lib/gcc/arm-none-eabi/6.3.1/thumb/v7e-m/crtn.o
                0x0000000008002c8c                . = ALIGN (0x4)
                0x0000000008002c8c                _etext = .

.vfp11_veneer   0x0000000008002c8c        0x0
 .vfp11_veneer  0x0000000008002c8c        0x0 linker stubs

.v4_bx          0x0000000008002c8c        0x0
 .v4_bx         0x0000000008002c8c        0x0 linker stubs

.iplt           0x0000000008002c8c        0x0
 .iplt          0x0000000008002c8c        0x0 /usr/lib/gcc/arm-none-eabi/6.3.1/thumb/v7e-m/crtbegin.o

.rodata         0x0000000008002c8c       0x18
                0x0000000008002c8c                . = ALIGN (0x4)
 *(.rodata)
 .rodata        0x0000000008002c8c        0x4 /usr/lib/gcc/arm-none-eabi/6.3.1/../../../arm-none-eabi/lib/thumb/v7e-m/libg.a(lib_a-impure.o)
                0x0000000008002c8c                _global_impure_ptr
 *(.rodata*)
 .rodata.AHBPrescTable
                0x0000000008002c90       0x10 CMakeFiles/test2.elf.dir/Core/Src/system_stm32f4xx.c.obj
                0x0000000008002c90                AHBPrescTable
 .rodata.str1.4
                0x0000000008002ca0        0x4 /usr/lib/gcc/arm-none-eabi/6.3.1/../../../arm-none-eabi/lib/thumb/v7e-m/libg.a(lib_a-impure.o)
                                          0x2 (size before relaxing)
                0x0000000008002ca4                . = ALIGN (0x4)

.ARM.extab      0x0000000008002ca4       0x18
                0x0000000008002ca4                . = ALIGN (0x4)
 *(.ARM.extab* .gnu.linkonce.armextab.*)
 .ARM.extab     0x0000000008002ca4       0x18 /usr/lib/gcc/arm-none-eabi/6.3.1/thumb/v7e-m/libgcc.a(pr-support.o)
                0x0000000008002cbc                . = ALIGN (0x4)

.ARM            0x0000000008002cbc       0xd0
                0x0000000008002cbc                . = ALIGN (0x4)
                0x0000000008002cbc                __exidx_start = .
 *(.ARM.exidx*)
 .ARM.exidx.text.Error_Handler
                0x0000000008002d74        0x0 CMakeFiles/test2.elf.dir/Core/Src/main.cpp.obj
                                          0x8 (size before relaxing)
 .ARM.exidx.text._Z18SystemClock_Configv
                0x0000000008002d74        0x8 CMakeFiles/test2.elf.dir/Core/Src/main.cpp.obj
 .ARM.exidx.text.main
                0x0000000008002d7c       0x10 CMakeFiles/test2.elf.dir/Core/Src/main.cpp.obj
                                          0x8 (size before relaxing)
 .ARM.exidx     0x0000000008002cbc        0x8 /usr/lib/gcc/arm-none-eabi/6.3.1/thumb/v7e-m/libgcc.a(_udivmoddi4.o)
 .ARM.exidx     0x0000000008002cc4       0x78 /usr/lib/gcc/arm-none-eabi/6.3.1/thumb/v7e-m/libgcc.a(unwind-arm.o)
                                         0xd8 (size before relaxing)
 .ARM.exidx     0x0000000008002d3c       0x38 /usr/lib/gcc/arm-none-eabi/6.3.1/thumb/v7e-m/libgcc.a(pr-support.o)
                                         0x48 (size before relaxing)
                0x0000000008002d8c                __exidx_end = .
                0x0000000008002d8c                . = ALIGN (0x4)

.rel.dyn        0x0000000008002d8c        0x0
 .rel.iplt      0x0000000008002d8c        0x0 /usr/lib/gcc/arm-none-eabi/6.3.1/thumb/v7e-m/crtbegin.o

.preinit_array  0x0000000008002d8c        0x0
                0x0000000008002d8c                . = ALIGN (0x4)
                0x0000000008002d8c                PROVIDE (__preinit_array_start, .)
 *(.preinit_array*)
                0x0000000008002d8c                PROVIDE (__preinit_array_end, .)
                0x0000000008002d8c                . = ALIGN (0x4)

.init_array     0x0000000008002d8c        0x8
                0x0000000008002d8c                . = ALIGN (0x4)
                0x0000000008002d8c                PROVIDE (__init_array_start, .)
 *(SORT(.init_array.*))
 .init_array.00000
                0x0000000008002d8c        0x4 /usr/lib/gcc/arm-none-eabi/6.3.1/../../../arm-none-eabi/lib/thumb/v7e-m/libg.a(lib_a-__call_atexit.o)
 *(.init_array*)
 .init_array    0x0000000008002d90        0x4 /usr/lib/gcc/arm-none-eabi/6.3.1/thumb/v7e-m/crtbegin.o
                0x0000000008002d94                PROVIDE (__init_array_end, .)
                0x0000000008002d94                . = ALIGN (0x4)

.fini_array     0x0000000008002d94        0x4
                0x0000000008002d94                . = ALIGN (0x4)
                0x0000000008002d94                PROVIDE (__fini_array_start, .)
 *(SORT(.fini_array.*))
 *(.fini_array*)
 .fini_array    0x0000000008002d94        0x4 /usr/lib/gcc/arm-none-eabi/6.3.1/thumb/v7e-m/crtbegin.o
                0x0000000008002d98                PROVIDE (__fini_array_end, .)
                0x0000000008002d98                . = ALIGN (0x4)
                0x0000000008002d98                _sidata = LOADADDR (.data)

.data           0x0000000020000000      0x84c load address 0x0000000008002d98
                0x0000000020000000                . = ALIGN (0x4)
                0x0000000020000000                _sdata = .
 *(.data)
 .data          0x0000000020000000      0x430 /usr/lib/gcc/arm-none-eabi/6.3.1/../../../arm-none-eabi/lib/thumb/v7e-m/libg.a(lib_a-impure.o)
                0x0000000020000000                _impure_ptr
 .data          0x0000000020000430      0x410 /usr/lib/gcc/arm-none-eabi/6.3.1/../../../arm-none-eabi/lib/thumb/v7e-m/libg.a(lib_a-mallocr.o)
                0x0000000020000430                __malloc_av_
                0x0000000020000838                __malloc_sbrk_base
                0x000000002000083c                __malloc_trim_threshold
 *(.data*)
 .data.SystemCoreClock
                0x0000000020000840        0x4 CMakeFiles/test2.elf.dir/Core/Src/system_stm32f4xx.c.obj
                0x0000000020000840                SystemCoreClock
 .data.uwTickFreq
                0x0000000020000844        0x1 CMakeFiles/test2.elf.dir/Drivers/STM32F4xx_HAL_Driver/Src/stm32f4xx_hal.c.obj
                0x0000000020000844                uwTickFreq
 *fill*         0x0000000020000845        0x3 
 .data.uwTickPrio
                0x0000000020000848        0x4 CMakeFiles/test2.elf.dir/Drivers/STM32F4xx_HAL_Driver/Src/stm32f4xx_hal.c.obj
                0x0000000020000848                uwTickPrio
 *(.RamFunc)
 *(.RamFunc*)
                0x000000002000084c                . = ALIGN (0x4)
                0x000000002000084c                _edata = .
                0x00000000080035e4                _siccmram = LOADADDR (.ccmram)

.jcr            0x000000002000084c        0x0 load address 0x00000000080035e4
 .jcr           0x000000002000084c        0x0 /usr/lib/gcc/arm-none-eabi/6.3.1/thumb/v7e-m/crtbegin.o

.tm_clone_table
                0x000000002000084c        0x0 load address 0x00000000080035e4
 .tm_clone_table
                0x000000002000084c        0x0 /usr/lib/gcc/arm-none-eabi/6.3.1/thumb/v7e-m/crtbegin.o
 .tm_clone_table
                0x000000002000084c        0x0 /usr/lib/gcc/arm-none-eabi/6.3.1/thumb/v7e-m/crtend.o

.igot.plt       0x000000002000084c        0x0 load address 0x00000000080035e4
 .igot.plt      0x000000002000084c        0x0 /usr/lib/gcc/arm-none-eabi/6.3.1/thumb/v7e-m/crtbegin.o

.ccmram         0x0000000010000000        0x0 load address 0x00000000080035e4
                0x0000000010000000                . = ALIGN (0x4)
                0x0000000010000000                _sccmram = .
 *(.ccmram)
 *(.ccmram*)
                0x0000000010000000                . = ALIGN (0x4)
                0x0000000010000000                _eccmram = .
                0x0000000010000000                . = ALIGN (0x4)

.bss            0x000000002000084c       0x5c
                0x000000002000084c                _sbss = .
                0x000000002000084c                __bss_start__ = _sbss
 *(.bss)
 .bss           0x000000002000084c       0x1c /usr/lib/gcc/arm-none-eabi/6.3.1/thumb/v7e-m/crtbegin.o
 .bss           0x0000000020000868       0x34 /usr/lib/gcc/arm-none-eabi/6.3.1/../../../arm-none-eabi/lib/thumb/v7e-m/libg.a(lib_a-mallocr.o)
                0x0000000020000868                __malloc_top_pad
                0x000000002000086c                __malloc_current_mallinfo
                0x0000000020000894                __malloc_max_sbrked_mem
                0x0000000020000898                __malloc_max_total_mem
 *(.bss*)
 .bss.__sbrk_heap_end
                0x000000002000089c        0x4 CMakeFiles/test2.elf.dir/Core/Src/sysmem.c.obj
 .bss.uwTick    0x00000000200008a0        0x4 CMakeFiles/test2.elf.dir/Drivers/STM32F4xx_HAL_Driver/Src/stm32f4xx_hal.c.obj
                0x00000000200008a0                uwTick
 *(COMMON)
 COMMON         0x00000000200008a4        0x4 /usr/lib/gcc/arm-none-eabi/6.3.1/../../../arm-none-eabi/lib/thumb/v7e-m/libg.a(lib_a-reent.o)
                0x00000000200008a4                errno
                0x00000000200008a8                . = ALIGN (0x4)
                0x00000000200008a8                _ebss = .
                0x00000000200008a8                __bss_end__ = _ebss

._user_heap_stack
                0x00000000200008a8      0x600
                0x00000000200008a8                . = ALIGN (0x8)
                [!provide]                        PROVIDE (end, .)
                0x00000000200008a8                PROVIDE (_end, .)
                0x0000000020000aa8                . = (. + _Min_Heap_Size)
 *fill*         0x00000000200008a8      0x200 
                0x0000000020000ea8                . = (. + _Min_Stack_Size)
 *fill*         0x0000000020000aa8      0x400 
                0x0000000020000ea8                . = ALIGN (0x8)

/DISCARD/
 libc.a(*)
 libm.a(*)
 libgcc.a(*)

.ARM.attributes
                0x0000000000000000       0x2a
 *(.ARM.attributes)
 .ARM.attributes
                0x0000000000000000       0x1e /usr/lib/gcc/arm-none-eabi/6.3.1/thumb/v7e-m/crti.o
 .ARM.attributes
                0x000000000000001e       0x2e /usr/lib/gcc/arm-none-eabi/6.3.1/thumb/v7e-m/crtbegin.o
 .ARM.attributes
                0x000000000000004c       0x33 CMakeFiles/test2.elf.dir/Core/Src/gpio.c.obj
 .ARM.attributes
                0x000000000000007f       0x33 CMakeFiles/test2.elf.dir/Core/Src/main.cpp.obj
 .ARM.attributes
                0x00000000000000b2       0x33 CMakeFiles/test2.elf.dir/Core/Src/stm32f4xx_it.c.obj
 .ARM.attributes
                0x00000000000000e5       0x33 CMakeFiles/test2.elf.dir/Core/Src/system_stm32f4xx.c.obj
 .ARM.attributes
                0x0000000000000118       0x21 CMakeFiles/test2.elf.dir/Core/Startup/startup_stm32f407zgtx.s.obj
 .ARM.attributes
                0x0000000000000139       0x33 CMakeFiles/test2.elf.dir/Drivers/STM32F4xx_HAL_Driver/Src/stm32f4xx_hal.c.obj
 .ARM.attributes
                0x000000000000016c       0x33 CMakeFiles/test2.elf.dir/Drivers/STM32F4xx_HAL_Driver/Src/stm32f4xx_hal_cortex.c.obj
 .ARM.attributes
                0x000000000000019f       0x33 CMakeFiles/test2.elf.dir/Drivers/STM32F4xx_HAL_Driver/Src/stm32f4xx_hal_gpio.c.obj
 .ARM.attributes
                0x00000000000001d2       0x33 CMakeFiles/test2.elf.dir/Drivers/STM32F4xx_HAL_Driver/Src/stm32f4xx_hal_rcc.c.obj
 .ARM.attributes
                0x0000000000000205       0x1e /usr/lib/gcc/arm-none-eabi/6.3.1/thumb/v7e-m/libgcc.a(_aeabi_uldivmod.o)
 .ARM.attributes
                0x0000000000000223       0x2e /usr/lib/gcc/arm-none-eabi/6.3.1/thumb/v7e-m/libgcc.a(_udivmoddi4.o)
 .ARM.attributes
                0x0000000000000251       0x1e /usr/lib/gcc/arm-none-eabi/6.3.1/thumb/v7e-m/libgcc.a(_dvmd_tls.o)
 .ARM.attributes
                0x000000000000026f       0x2e /usr/lib/gcc/arm-none-eabi/6.3.1/../../../arm-none-eabi/lib/thumb/v7e-m/libg.a(lib_a-atexit.o)
 .ARM.attributes
                0x000000000000029d       0x2e /usr/lib/gcc/arm-none-eabi/6.3.1/../../../arm-none-eabi/lib/thumb/v7e-m/libg.a(lib_a-fini.o)
 .ARM.attributes
                0x00000000000002cb       0x2e /usr/lib/gcc/arm-none-eabi/6.3.1/../../../arm-none-eabi/lib/thumb/v7e-m/libg.a(lib_a-impure.o)
 .ARM.attributes
                0x00000000000002f9       0x2e /usr/lib/gcc/arm-none-eabi/6.3.1/../../../arm-none-eabi/lib/thumb/v7e-m/libg.a(lib_a-init.o)
 .ARM.attributes
                0x0000000000000327       0x2e /usr/lib/gcc/arm-none-eabi/6.3.1/../../../arm-none-eabi/lib/thumb/v7e-m/libg.a(lib_a-memset.o)
 .ARM.attributes
                0x0000000000000355       0x2e /usr/lib/gcc/arm-none-eabi/6.3.1/../../../arm-none-eabi/lib/thumb/v7e-m/libg.a(lib_a-__atexit.o)
 .ARM.attributes
                0x0000000000000383       0x2e /usr/lib/gcc/arm-none-eabi/6.3.1/../../../arm-none-eabi/lib/thumb/v7e-m/libg.a(lib_a-__call_atexit.o)
 .ARM.attributes
                0x00000000000003b1       0x2e /usr/lib/gcc/arm-none-eabi/6.3.1/thumb/v7e-m/crtend.o
 .ARM.attributes
                0x00000000000003df       0x1e /usr/lib/gcc/arm-none-eabi/6.3.1/thumb/v7e-m/crtn.o
OUTPUT(test2.elf elf32-littlearm)

.comment        0x0000000000000000       0x31
 .comment       0x0000000000000000       0x31 /usr/lib/gcc/arm-none-eabi/6.3.1/thumb/v7e-m/crtbegin.o
                                         0x32 (size before relaxing)
 .comment       0x0000000000000031       0x32 CMakeFiles/test2.elf.dir/Core/Src/gpio.c.obj
 .comment       0x0000000000000031       0x32 CMakeFiles/test2.elf.dir/Core/Src/main.cpp.obj
 .comment       0x0000000000000031       0x32 CMakeFiles/test2.elf.dir/Core/Src/stm32f4xx_it.c.obj
 .comment       0x0000000000000031       0x32 CMakeFiles/test2.elf.dir/Core/Src/system_stm32f4xx.c.obj
 .comment       0x0000000000000031       0x32 CMakeFiles/test2.elf.dir/Drivers/STM32F4xx_HAL_Driver/Src/stm32f4xx_hal.c.obj
 .comment       0x0000000000000031       0x32 CMakeFiles/test2.elf.dir/Drivers/STM32F4xx_HAL_Driver/Src/stm32f4xx_hal_cortex.c.obj
 .comment       0x0000000000000031       0x32 CMakeFiles/test2.elf.dir/Drivers/STM32F4xx_HAL_Driver/Src/stm32f4xx_hal_gpio.c.obj
 .comment       0x0000000000000031       0x32 CMakeFiles/test2.elf.dir/Drivers/STM32F4xx_HAL_Driver/Src/stm32f4xx_hal_rcc.c.obj
 .comment       0x0000000000000031       0x32 /usr/lib/gcc/arm-none-eabi/6.3.1/thumb/v7e-m/libgcc.a(_udivmoddi4.o)
 .comment       0x0000000000000031       0x32 /usr/lib/gcc/arm-none-eabi/6.3.1/../../../arm-none-eabi/lib/thumb/v7e-m/libg.a(lib_a-atexit.o)
 .comment       0x0000000000000031       0x32 /usr/lib/gcc/arm-none-eabi/6.3.1/../../../arm-none-eabi/lib/thumb/v7e-m/libg.a(lib_a-fini.o)
 .comment       0x0000000000000031       0x32 /usr/lib/gcc/arm-none-eabi/6.3.1/../../../arm-none-eabi/lib/thumb/v7e-m/libg.a(lib_a-impure.o)
 .comment       0x0000000000000031       0x32 /usr/lib/gcc/arm-none-eabi/6.3.1/../../../arm-none-eabi/lib/thumb/v7e-m/libg.a(lib_a-init.o)
 .comment       0x0000000000000031       0x32 /usr/lib/gcc/arm-none-eabi/6.3.1/../../../arm-none-eabi/lib/thumb/v7e-m/libg.a(lib_a-memset.o)
 .comment       0x0000000000000031       0x32 /usr/lib/gcc/arm-none-eabi/6.3.1/../../../arm-none-eabi/lib/thumb/v7e-m/libg.a(lib_a-__atexit.o)
 .comment       0x0000000000000031       0x32 /usr/lib/gcc/arm-none-eabi/6.3.1/../../../arm-none-eabi/lib/thumb/v7e-m/libg.a(lib_a-__call_atexit.o)
 .comment       0x0000000000000031       0x32 /usr/lib/gcc/arm-none-eabi/6.3.1/thumb/v7e-m/crtend.o

.debug_info     0x0000000000000000     0x7cf9
 .debug_info    0x0000000000000000      0x4fe CMakeFiles/test2.elf.dir/Core/Src/gpio.c.obj
 .debug_info    0x00000000000004fe      0x83d CMakeFiles/test2.elf.dir/Core/Src/main.cpp.obj
 .debug_info    0x0000000000000d3b      0x221 CMakeFiles/test2.elf.dir/Core/Src/stm32f4xx_it.c.obj
 .debug_info    0x0000000000000f5c      0x3b3 CMakeFiles/test2.elf.dir/Core/Src/system_stm32f4xx.c.obj
 .debug_info    0x000000000000130f       0x8d CMakeFiles/test2.elf.dir/Core/Startup/startup_stm32f407zgtx.s.obj
 .debug_info    0x000000000000139c      0x9ec CMakeFiles/test2.elf.dir/Drivers/STM32F4xx_HAL_Driver/Src/stm32f4xx_hal.c.obj
 .debug_info    0x0000000000001d88      0xf9a CMakeFiles/test2.elf.dir/Drivers/STM32F4xx_HAL_Driver/Src/stm32f4xx_hal_cortex.c.obj
 .debug_info    0x0000000000002d22      0x7cb CMakeFiles/test2.elf.dir/Drivers/STM32F4xx_HAL_Driver/Src/stm32f4xx_hal_gpio.c.obj
 .debug_info    0x00000000000034ed      0xa8f CMakeFiles/test2.elf.dir/Drivers/STM32F4xx_HAL_Driver/Src/stm32f4xx_hal_rcc.c.obj
 .debug_info    0x0000000000003f7c       0xbc /usr/lib/gcc/arm-none-eabi/6.3.1/thumb/v7e-m/libgcc.a(_aeabi_uldivmod.o)
 .debug_info    0x0000000000004038      0xc24 /usr/lib/gcc/arm-none-eabi/6.3.1/thumb/v7e-m/libgcc.a(_udivmoddi4.o)
 .debug_info    0x0000000000004c5c       0xc0 /usr/lib/gcc/arm-none-eabi/6.3.1/thumb/v7e-m/libgcc.a(_dvmd_tls.o)
 .debug_info    0x0000000000004d1c      0x907 /usr/lib/gcc/arm-none-eabi/6.3.1/../../../arm-none-eabi/lib/thumb/v7e-m/libg.a(lib_a-atexit.o)
 .debug_info    0x0000000000005623       0xfa /usr/lib/gcc/arm-none-eabi/6.3.1/../../../arm-none-eabi/lib/thumb/v7e-m/libg.a(lib_a-fini.o)
 .debug_info    0x000000000000571d      0x8a5 /usr/lib/gcc/arm-none-eabi/6.3.1/../../../arm-none-eabi/lib/thumb/v7e-m/libg.a(lib_a-impure.o)
 .debug_info    0x0000000000005fc2      0x110 /usr/lib/gcc/arm-none-eabi/6.3.1/../../../arm-none-eabi/lib/thumb/v7e-m/libg.a(lib_a-init.o)
 .debug_info    0x00000000000060d2      0x91b /usr/lib/gcc/arm-none-eabi/6.3.1/../../../arm-none-eabi/lib/thumb/v7e-m/libg.a(lib_a-memset.o)
 .debug_info    0x00000000000069ed      0x950 /usr/lib/gcc/arm-none-eabi/6.3.1/../../../arm-none-eabi/lib/thumb/v7e-m/libg.a(lib_a-__atexit.o)
 .debug_info    0x000000000000733d      0x9bc /usr/lib/gcc/arm-none-eabi/6.3.1/../../../arm-none-eabi/lib/thumb/v7e-m/libg.a(lib_a-__call_atexit.o)

.debug_abbrev   0x0000000000000000     0x1c6b
 .debug_abbrev  0x0000000000000000      0x15b CMakeFiles/test2.elf.dir/Core/Src/gpio.c.obj
 .debug_abbrev  0x000000000000015b      0x2a3 CMakeFiles/test2.elf.dir/Core/Src/main.cpp.obj
 .debug_abbrev  0x00000000000003fe       0xdd CMakeFiles/test2.elf.dir/Core/Src/stm32f4xx_it.c.obj
 .debug_abbrev  0x00000000000004db      0x124 CMakeFiles/test2.elf.dir/Core/Src/system_stm32f4xx.c.obj
 .debug_abbrev  0x00000000000005ff       0x12 CMakeFiles/test2.elf.dir/Core/Startup/startup_stm32f407zgtx.s.obj
 .debug_abbrev  0x0000000000000611      0x1e6 CMakeFiles/test2.elf.dir/Drivers/STM32F4xx_HAL_Driver/Src/stm32f4xx_hal.c.obj
 .debug_abbrev  0x00000000000007f7      0x321 CMakeFiles/test2.elf.dir/Drivers/STM32F4xx_HAL_Driver/Src/stm32f4xx_hal_cortex.c.obj
 .debug_abbrev  0x0000000000000b18      0x1e0 CMakeFiles/test2.elf.dir/Drivers/STM32F4xx_HAL_Driver/Src/stm32f4xx_hal_gpio.c.obj
 .debug_abbrev  0x0000000000000cf8      0x26c CMakeFiles/test2.elf.dir/Drivers/STM32F4xx_HAL_Driver/Src/stm32f4xx_hal_rcc.c.obj
 .debug_abbrev  0x0000000000000f64       0x14 /usr/lib/gcc/arm-none-eabi/6.3.1/thumb/v7e-m/libgcc.a(_aeabi_uldivmod.o)
 .debug_abbrev  0x0000000000000f78      0x18c /usr/lib/gcc/arm-none-eabi/6.3.1/thumb/v7e-m/libgcc.a(_udivmoddi4.o)
 .debug_abbrev  0x0000000000001104       0x14 /usr/lib/gcc/arm-none-eabi/6.3.1/thumb/v7e-m/libgcc.a(_dvmd_tls.o)
 .debug_abbrev  0x0000000000001118      0x1f6 /usr/lib/gcc/arm-none-eabi/6.3.1/../../../arm-none-eabi/lib/thumb/v7e-m/libg.a(lib_a-atexit.o)
 .debug_abbrev  0x000000000000130e       0xbd /usr/lib/gcc/arm-none-eabi/6.3.1/../../../arm-none-eabi/lib/thumb/v7e-m/libg.a(lib_a-fini.o)
 .debug_abbrev  0x00000000000013cb      0x189 /usr/lib/gcc/arm-none-eabi/6.3.1/../../../arm-none-eabi/lib/thumb/v7e-m/libg.a(lib_a-impure.o)
 .debug_abbrev  0x0000000000001554       0xba /usr/lib/gcc/arm-none-eabi/6.3.1/../../../arm-none-eabi/lib/thumb/v7e-m/libg.a(lib_a-init.o)
 .debug_abbrev  0x000000000000160e      0x1cd /usr/lib/gcc/arm-none-eabi/6.3.1/../../../arm-none-eabi/lib/thumb/v7e-m/libg.a(lib_a-memset.o)
 .debug_abbrev  0x00000000000017db      0x220 /usr/lib/gcc/arm-none-eabi/6.3.1/../../../arm-none-eabi/lib/thumb/v7e-m/libg.a(lib_a-__atexit.o)
 .debug_abbrev  0x00000000000019fb      0x270 /usr/lib/gcc/arm-none-eabi/6.3.1/../../../arm-none-eabi/lib/thumb/v7e-m/libg.a(lib_a-__call_atexit.o)

.debug_aranges  0x0000000000000000      0x4c0
 .debug_aranges
                0x0000000000000000       0x20 CMakeFiles/test2.elf.dir/Core/Src/gpio.c.obj
 .debug_aranges
                0x0000000000000020       0x30 CMakeFiles/test2.elf.dir/Core/Src/main.cpp.obj
 .debug_aranges
                0x0000000000000050       0x60 CMakeFiles/test2.elf.dir/Core/Src/stm32f4xx_it.c.obj
 .debug_aranges
                0x00000000000000b0       0x28 CMakeFiles/test2.elf.dir/Core/Src/system_stm32f4xx.c.obj
 .debug_aranges
                0x00000000000000d8       0x28 CMakeFiles/test2.elf.dir/Core/Startup/startup_stm32f407zgtx.s.obj
 .debug_aranges
                0x0000000000000100       0xf0 CMakeFiles/test2.elf.dir/Drivers/STM32F4xx_HAL_Driver/Src/stm32f4xx_hal.c.obj
 .debug_aranges
                0x00000000000001f0       0xb0 CMakeFiles/test2.elf.dir/Drivers/STM32F4xx_HAL_Driver/Src/stm32f4xx_hal_cortex.c.obj
 .debug_aranges
                0x00000000000002a0       0x58 CMakeFiles/test2.elf.dir/Drivers/STM32F4xx_HAL_Driver/Src/stm32f4xx_hal_gpio.c.obj
 .debug_aranges
                0x00000000000002f8       0x88 CMakeFiles/test2.elf.dir/Drivers/STM32F4xx_HAL_Driver/Src/stm32f4xx_hal_rcc.c.obj
 .debug_aranges
                0x0000000000000380       0x20 /usr/lib/gcc/arm-none-eabi/6.3.1/thumb/v7e-m/libgcc.a(_aeabi_uldivmod.o)
 .debug_aranges
                0x00000000000003a0       0x20 /usr/lib/gcc/arm-none-eabi/6.3.1/thumb/v7e-m/libgcc.a(_udivmoddi4.o)
 .debug_aranges
                0x00000000000003c0       0x20 /usr/lib/gcc/arm-none-eabi/6.3.1/thumb/v7e-m/libgcc.a(_dvmd_tls.o)
 .debug_aranges
                0x00000000000003e0       0x20 /usr/lib/gcc/arm-none-eabi/6.3.1/../../../arm-none-eabi/lib/thumb/v7e-m/libg.a(lib_a-atexit.o)
 .debug_aranges
                0x0000000000000400       0x20 /usr/lib/gcc/arm-none-eabi/6.3.1/../../../arm-none-eabi/lib/thumb/v7e-m/libg.a(lib_a-fini.o)
 .debug_aranges
                0x0000000000000420       0x18 /usr/lib/gcc/arm-none-eabi/6.3.1/../../../arm-none-eabi/lib/thumb/v7e-m/libg.a(lib_a-impure.o)
 .debug_aranges
                0x0000000000000438       0x20 /usr/lib/gcc/arm-none-eabi/6.3.1/../../../arm-none-eabi/lib/thumb/v7e-m/libg.a(lib_a-init.o)
 .debug_aranges
                0x0000000000000458       0x20 /usr/lib/gcc/arm-none-eabi/6.3.1/../../../arm-none-eabi/lib/thumb/v7e-m/libg.a(lib_a-memset.o)
 .debug_aranges
                0x0000000000000478       0x20 /usr/lib/gcc/arm-none-eabi/6.3.1/../../../arm-none-eabi/lib/thumb/v7e-m/libg.a(lib_a-__atexit.o)
 .debug_aranges
                0x0000000000000498       0x28 /usr/lib/gcc/arm-none-eabi/6.3.1/../../../arm-none-eabi/lib/thumb/v7e-m/libg.a(lib_a-__call_atexit.o)

.debug_ranges   0x0000000000000000      0x490
 .debug_ranges  0x0000000000000000       0x10 CMakeFiles/test2.elf.dir/Core/Src/gpio.c.obj
 .debug_ranges  0x0000000000000010       0x38 CMakeFiles/test2.elf.dir/Core/Src/main.cpp.obj
 .debug_ranges  0x0000000000000048       0x50 CMakeFiles/test2.elf.dir/Core/Src/stm32f4xx_it.c.obj
 .debug_ranges  0x0000000000000098       0x18 CMakeFiles/test2.elf.dir/Core/Src/system_stm32f4xx.c.obj
 .debug_ranges  0x00000000000000b0       0x20 CMakeFiles/test2.elf.dir/Core/Startup/startup_stm32f407zgtx.s.obj
 .debug_ranges  0x00000000000000d0       0xe0 CMakeFiles/test2.elf.dir/Drivers/STM32F4xx_HAL_Driver/Src/stm32f4xx_hal.c.obj
 .debug_ranges  0x00000000000001b0      0x100 CMakeFiles/test2.elf.dir/Drivers/STM32F4xx_HAL_Driver/Src/stm32f4xx_hal_cortex.c.obj
 .debug_ranges  0x00000000000002b0       0x48 CMakeFiles/test2.elf.dir/Drivers/STM32F4xx_HAL_Driver/Src/stm32f4xx_hal_gpio.c.obj
 .debug_ranges  0x00000000000002f8       0x90 CMakeFiles/test2.elf.dir/Drivers/STM32F4xx_HAL_Driver/Src/stm32f4xx_hal_rcc.c.obj
 .debug_ranges  0x0000000000000388       0xd0 /usr/lib/gcc/arm-none-eabi/6.3.1/thumb/v7e-m/libgcc.a(_udivmoddi4.o)
 .debug_ranges  0x0000000000000458       0x38 /usr/lib/gcc/arm-none-eabi/6.3.1/../../../arm-none-eabi/lib/thumb/v7e-m/libg.a(lib_a-__call_atexit.o)

.debug_line     0x0000000000000000     0x2480
 .debug_line    0x0000000000000000      0x1c8 CMakeFiles/test2.elf.dir/Core/Src/gpio.c.obj
 .debug_line    0x00000000000001c8      0x2a7 CMakeFiles/test2.elf.dir/Core/Src/main.cpp.obj
 .debug_line    0x000000000000046f      0x21f CMakeFiles/test2.elf.dir/Core/Src/stm32f4xx_it.c.obj
 .debug_line    0x000000000000068e      0x1db CMakeFiles/test2.elf.dir/Core/Src/system_stm32f4xx.c.obj
 .debug_line    0x0000000000000869       0x9f CMakeFiles/test2.elf.dir/Core/Startup/startup_stm32f407zgtx.s.obj
 .debug_line    0x0000000000000908      0x3f0 CMakeFiles/test2.elf.dir/Drivers/STM32F4xx_HAL_Driver/Src/stm32f4xx_hal.c.obj
 .debug_line    0x0000000000000cf8      0x42e CMakeFiles/test2.elf.dir/Drivers/STM32F4xx_HAL_Driver/Src/stm32f4xx_hal_cortex.c.obj
 .debug_line    0x0000000000001126      0x376 CMakeFiles/test2.elf.dir/Drivers/STM32F4xx_HAL_Driver/Src/stm32f4xx_hal_gpio.c.obj
 .debug_line    0x000000000000149c      0x4a5 CMakeFiles/test2.elf.dir/Drivers/STM32F4xx_HAL_Driver/Src/stm32f4xx_hal_rcc.c.obj
 .debug_line    0x0000000000001941       0x61 /usr/lib/gcc/arm-none-eabi/6.3.1/thumb/v7e-m/libgcc.a(_aeabi_uldivmod.o)
 .debug_line    0x00000000000019a2      0x240 /usr/lib/gcc/arm-none-eabi/6.3.1/thumb/v7e-m/libgcc.a(_udivmoddi4.o)
 .debug_line    0x0000000000001be2       0x61 /usr/lib/gcc/arm-none-eabi/6.3.1/thumb/v7e-m/libgcc.a(_dvmd_tls.o)
 .debug_line    0x0000000000001c43      0x151 /usr/lib/gcc/arm-none-eabi/6.3.1/../../../arm-none-eabi/lib/thumb/v7e-m/libg.a(lib_a-atexit.o)
 .debug_line    0x0000000000001d94       0x9f /usr/lib/gcc/arm-none-eabi/6.3.1/../../../arm-none-eabi/lib/thumb/v7e-m/libg.a(lib_a-fini.o)
 .debug_line    0x0000000000001e33       0xe9 /usr/lib/gcc/arm-none-eabi/6.3.1/../../../arm-none-eabi/lib/thumb/v7e-m/libg.a(lib_a-impure.o)
 .debug_line    0x0000000000001f1c       0xb8 /usr/lib/gcc/arm-none-eabi/6.3.1/../../../arm-none-eabi/lib/thumb/v7e-m/libg.a(lib_a-init.o)
 .debug_line    0x0000000000001fd4      0x176 /usr/lib/gcc/arm-none-eabi/6.3.1/../../../arm-none-eabi/lib/thumb/v7e-m/libg.a(lib_a-memset.o)
 .debug_line    0x000000000000214a      0x184 /usr/lib/gcc/arm-none-eabi/6.3.1/../../../arm-none-eabi/lib/thumb/v7e-m/libg.a(lib_a-__atexit.o)
 .debug_line    0x00000000000022ce      0x1b2 /usr/lib/gcc/arm-none-eabi/6.3.1/../../../arm-none-eabi/lib/thumb/v7e-m/libg.a(lib_a-__call_atexit.o)

.debug_str      0x0000000000000000     0x2bb7
 .debug_str     0x0000000000000000      0x383 CMakeFiles/test2.elf.dir/Core/Src/gpio.c.obj
                                        0x410 (size before relaxing)
 .debug_str     0x0000000000000383      0x33d CMakeFiles/test2.elf.dir/Core/Src/main.cpp.obj
                                        0x6b1 (size before relaxing)
 .debug_str     0x00000000000006c0       0xce CMakeFiles/test2.elf.dir/Core/Src/stm32f4xx_it.c.obj
                                        0x2e7 (size before relaxing)
 .debug_str     0x000000000000078e       0x72 CMakeFiles/test2.elf.dir/Core/Src/system_stm32f4xx.c.obj
                                        0x387 (size before relaxing)
 .debug_str     0x0000000000000800      0x7f3 CMakeFiles/test2.elf.dir/Drivers/STM32F4xx_HAL_Driver/Src/stm32f4xx_hal.c.obj
                                        0xb6d (size before relaxing)
 .debug_str     0x0000000000000ff3      0x4dd CMakeFiles/test2.elf.dir/Drivers/STM32F4xx_HAL_Driver/Src/stm32f4xx_hal_cortex.c.obj
                                        0xcc3 (size before relaxing)
 .debug_str     0x00000000000014d0      0x141 CMakeFiles/test2.elf.dir/Drivers/STM32F4xx_HAL_Driver/Src/stm32f4xx_hal_gpio.c.obj
                                        0x572 (size before relaxing)
 .debug_str     0x0000000000001611      0x1aa CMakeFiles/test2.elf.dir/Drivers/STM32F4xx_HAL_Driver/Src/stm32f4xx_hal_rcc.c.obj
                                        0x750 (size before relaxing)
 .debug_str     0x00000000000017bb      0xbd0 /usr/lib/gcc/arm-none-eabi/6.3.1/thumb/v7e-m/libgcc.a(_udivmoddi4.o)
                                        0xcbe (size before relaxing)
 .debug_str     0x000000000000238b      0x4e0 /usr/lib/gcc/arm-none-eabi/6.3.1/../../../arm-none-eabi/lib/thumb/v7e-m/libg.a(lib_a-atexit.o)
                                        0x5b2 (size before relaxing)
 .debug_str     0x000000000000286b       0xc6 /usr/lib/gcc/arm-none-eabi/6.3.1/../../../arm-none-eabi/lib/thumb/v7e-m/libg.a(lib_a-fini.o)
                                        0x1cb (size before relaxing)
 .debug_str     0x0000000000002931       0x99 /usr/lib/gcc/arm-none-eabi/6.3.1/../../../arm-none-eabi/lib/thumb/v7e-m/libg.a(lib_a-impure.o)
                                        0x567 (size before relaxing)
 .debug_str     0x00000000000029ca       0x93 /usr/lib/gcc/arm-none-eabi/6.3.1/../../../arm-none-eabi/lib/thumb/v7e-m/libg.a(lib_a-init.o)
                                        0x1f5 (size before relaxing)
 .debug_str     0x0000000000002a5d       0xa3 /usr/lib/gcc/arm-none-eabi/6.3.1/../../../arm-none-eabi/lib/thumb/v7e-m/libg.a(lib_a-memset.o)
                                        0x57f (size before relaxing)
 .debug_str     0x0000000000002b00       0x41 /usr/lib/gcc/arm-none-eabi/6.3.1/../../../arm-none-eabi/lib/thumb/v7e-m/libg.a(lib_a-__atexit.o)
                                        0x5cc (size before relaxing)
 .debug_str     0x0000000000002b41       0x76 /usr/lib/gcc/arm-none-eabi/6.3.1/../../../arm-none-eabi/lib/thumb/v7e-m/libg.a(lib_a-__call_atexit.o)
                                        0x5dd (size before relaxing)

.debug_frame    0x0000000000000000      0x89c
 .debug_frame   0x0000000000000000       0x30 CMakeFiles/test2.elf.dir/Core/Src/gpio.c.obj
 .debug_frame   0x0000000000000030       0x58 CMakeFiles/test2.elf.dir/Core/Src/main.cpp.obj
 .debug_frame   0x0000000000000088       0xa8 CMakeFiles/test2.elf.dir/Core/Src/stm32f4xx_it.c.obj
 .debug_frame   0x0000000000000130       0x30 CMakeFiles/test2.elf.dir/Core/Src/system_stm32f4xx.c.obj
 .debug_frame   0x0000000000000160      0x1ec CMakeFiles/test2.elf.dir/Drivers/STM32F4xx_HAL_Driver/Src/stm32f4xx_hal.c.obj
 .debug_frame   0x000000000000034c      0x16c CMakeFiles/test2.elf.dir/Drivers/STM32F4xx_HAL_Driver/Src/stm32f4xx_hal_cortex.c.obj
 .debug_frame   0x00000000000004b8       0xd8 CMakeFiles/test2.elf.dir/Drivers/STM32F4xx_HAL_Driver/Src/stm32f4xx_hal_gpio.c.obj
 .debug_frame   0x0000000000000590      0x174 CMakeFiles/test2.elf.dir/Drivers/STM32F4xx_HAL_Driver/Src/stm32f4xx_hal_rcc.c.obj
 .debug_frame   0x0000000000000704       0x2c /usr/lib/gcc/arm-none-eabi/6.3.1/thumb/v7e-m/libgcc.a(_aeabi_uldivmod.o)
 .debug_frame   0x0000000000000730       0x34 /usr/lib/gcc/arm-none-eabi/6.3.1/thumb/v7e-m/libgcc.a(_udivmoddi4.o)
 .debug_frame   0x0000000000000764       0x20 /usr/lib/gcc/arm-none-eabi/6.3.1/../../../arm-none-eabi/lib/thumb/v7e-m/libg.a(lib_a-atexit.o)
 .debug_frame   0x0000000000000784       0x34 /usr/lib/gcc/arm-none-eabi/6.3.1/../../../arm-none-eabi/lib/thumb/v7e-m/libg.a(lib_a-fini.o)
 .debug_frame   0x00000000000007b8       0x2c /usr/lib/gcc/arm-none-eabi/6.3.1/../../../arm-none-eabi/lib/thumb/v7e-m/libg.a(lib_a-init.o)
 .debug_frame   0x00000000000007e4       0x34 /usr/lib/gcc/arm-none-eabi/6.3.1/../../../arm-none-eabi/lib/thumb/v7e-m/libg.a(lib_a-memset.o)
 .debug_frame   0x0000000000000818       0x34 /usr/lib/gcc/arm-none-eabi/6.3.1/../../../arm-none-eabi/lib/thumb/v7e-m/libg.a(lib_a-__atexit.o)
 .debug_frame   0x000000000000084c       0x50 /usr/lib/gcc/arm-none-eabi/6.3.1/../../../arm-none-eabi/lib/thumb/v7e-m/libg.a(lib_a-__call_atexit.o)

.debug_loc      0x0000000000000000     0x247e
 .debug_loc     0x0000000000000000       0x55 CMakeFiles/test2.elf.dir/Core/Src/main.cpp.obj
 .debug_loc     0x0000000000000055      0x13e CMakeFiles/test2.elf.dir/Core/Src/system_stm32f4xx.c.obj
 .debug_loc     0x0000000000000193      0x10d CMakeFiles/test2.elf.dir/Drivers/STM32F4xx_HAL_Driver/Src/stm32f4xx_hal.c.obj
 .debug_loc     0x00000000000002a0      0x616 CMakeFiles/test2.elf.dir/Drivers/STM32F4xx_HAL_Driver/Src/stm32f4xx_hal_cortex.c.obj
 .debug_loc     0x00000000000008b6      0x42a CMakeFiles/test2.elf.dir/Drivers/STM32F4xx_HAL_Driver/Src/stm32f4xx_hal_gpio.c.obj
 .debug_loc     0x0000000000000ce0      0x404 CMakeFiles/test2.elf.dir/Drivers/STM32F4xx_HAL_Driver/Src/stm32f4xx_hal_rcc.c.obj
 .debug_loc     0x00000000000010e4      0xd77 /usr/lib/gcc/arm-none-eabi/6.3.1/thumb/v7e-m/libgcc.a(_udivmoddi4.o)
 .debug_loc     0x0000000000001e5b       0x2c /usr/lib/gcc/arm-none-eabi/6.3.1/../../../arm-none-eabi/lib/thumb/v7e-m/libg.a(lib_a-atexit.o)
 .debug_loc     0x0000000000001e87       0x5c /usr/lib/gcc/arm-none-eabi/6.3.1/../../../arm-none-eabi/lib/thumb/v7e-m/libg.a(lib_a-fini.o)
 .debug_loc     0x0000000000001ee3       0xae /usr/lib/gcc/arm-none-eabi/6.3.1/../../../arm-none-eabi/lib/thumb/v7e-m/libg.a(lib_a-init.o)
 .debug_loc     0x0000000000001f91      0x1bd /usr/lib/gcc/arm-none-eabi/6.3.1/../../../arm-none-eabi/lib/thumb/v7e-m/libg.a(lib_a-memset.o)
 .debug_loc     0x000000000000214e      0x197 /usr/lib/gcc/arm-none-eabi/6.3.1/../../../arm-none-eabi/lib/thumb/v7e-m/libg.a(lib_a-__atexit.o)
 .debug_loc     0x00000000000022e5      0x199 /usr/lib/gcc/arm-none-eabi/6.3.1/../../../arm-none-eabi/lib/thumb/v7e-m/libg.a(lib_a-__call_atexit.o)
